C51 COMPILER V9.60.7.0   SERVO_MOTOR                                                       09/23/2024 16:39:41 PAGE 1   


C51 COMPILER V9.60.7.0, COMPILATION OF MODULE SERVO_MOTOR
OBJECT MODULE PLACED IN .\Objects\servo motor.obj
COMPILER INVOKED BY: C:\Keil_v5\C51\BIN\C51.EXE servo motor.c OPTIMIZE(8,SPEED) BROWSE DEBUG OBJECTEXTEND PRINT(.\Listin
                    -gs\servo motor.lst) TABS(2) OBJECT(.\Objects\servo motor.obj)

line level    source

   1          #include <reg51.h>
   2          sbit motor_pin= P2^0;
   3          
   4          
   5          /* TASK: TIMER DELAY 16 BIT MODE 1 45 degree */
   6          
   7          //unsigned int i=0;
   8          //void delay ();       
   9          //                        
  10          //void delay()
  11          //{
  12          //  TMOD=0x01;
  13          //  TH0=0xFC;
  14          //  TL0=0x65;
  15          //  TR0=1;
  16          //  while(TF0 == 0);
  17          //  TF0=0;
  18          //  TR0=0;
  19          //}
  20          
  21          //void main()
  22          //{
  23          //  while(1)
  24          //  {
  25          
  26          //  motor_pin=0;
  27          //    for(i=0; i<19; i++)
  28          //    {
  29          //      delay();
  30          //    }
  31          //        motor_pin=1;
  32          //    for(i=0; i<1; i++)
  33          //    {
  34          //      delay();
  35          //    }
  36          //  }
  37          //}
  38          
  39          //________________________________________________________________________________________________________
             -_____________________________
  40          
  41          
  42            /* TASK: 8 bit timer delay 0 degree */
  43            unsigned int i;
  44          
  45            void delay ();
  46            void delay()
  47            {
  48   1        TMOD=0x02;
  49   1        TH0=0xD1;
  50   1        TR0=1;
  51   1        }
  52          
  53            void main()
C51 COMPILER V9.60.7.0   SERVO_MOTOR                                                       09/23/2024 16:39:41 PAGE 2   

  54            {
  55   1        while(1)
  56   1        {
  57   2      
  58   2        motor_pin=0;
  59   2      
  60   2        for(i=0; i<945; i++)
  61   2        {
  62   3          delay();
  63   3        }
  64   2          motor_pin=1;
  65   2      
  66   2          for(i=0; i<23; i++)
  67   2        {
  68   3          delay();
  69   3        }
  70   2      }
  71   1      }
  72          
  73          
  74          
  75          
  76          
  77          //________________________________________________________________________________________________________
             -__________
  78          
  79          
  80          //TIMER DELAY 8 BIT MODE 2    20ms
  81          //sbit led=P2^0;
  82          //unsigned int i;
  83          //void delay ();
  84          //void delay()
  85          //{
  86          //  TMOD=0x02;
  87          //  TH0=0xD1;
  88          //  TR0=1;
  89          
  90          //}
  91          
  92          //void main()
  93          //{
  94          //  while(1)
  95          //  {
  96          //    
  97          //    led=1;
  98          //  
  99          //    for(i=0; i<1000; i++)
 100          //    {
 101          //      delay();
 102          //    }
 103          //      led=0;
 104          //    
 105          //      for(i=0; i<1000; i++)
 106          //    {
 107          //      delay();
 108          //    }
 109          //  }
 110          //}
 111          
 112          
 113          
 114          
C51 COMPILER V9.60.7.0   SERVO_MOTOR                                                       09/23/2024 16:39:41 PAGE 3   

 115          //void delay (unsigned int );
 116          
 117          //void timer_init (unsigned int );
 118          
 119          //void main()
 120          //{
 121          
 122          //  while(1)
 123          //  {
 124          //   motor_pin=0;
 125          //    delay(19);
 126          //    motor_pin=1;
 127          //    delay(1);
 128          //    }
 129          //    
 130          //  
 131          //  }
 132          //void delay (unsigned int time)
 133          //{
 134          //  unsigned int i,j;
 135          //  for(i=0; i<time; i++)
 136          //  for(j=0; j<116; j++);
 137          //}


MODULE INFORMATION:   STATIC OVERLAYABLE
   CODE SIZE        =     67    ----
   CONSTANT SIZE    =   ----    ----
   XDATA SIZE       =   ----    ----
   PDATA SIZE       =   ----    ----
   DATA SIZE        =      2    ----
   IDATA SIZE       =   ----    ----
   BIT SIZE         =   ----    ----
END OF MODULE INFORMATION.


C51 COMPILATION COMPLETE.  0 WARNING(S),  0 ERROR(S)
